
 ⛅️ wrangler 4.82.2 (update available 4.107.0)
──────────────────────────────────────────────
[custom build] Running: cargo install -q worker-build && worker-build --release
[custom build] [INFO]: 🎯  Checking for the Wasm target...
[custom build] 
[custom build] [INFO]: 🌀  Compiling to Wasm...
[custom build] 
[custom build] warning: variable does not need to be mutable
[custom build]   --> src/lib.rs:67:13
[custom build]    |
[custom build] 67 |         let mut headers = Headers::new();
[custom build]    |             ----^^^^^^^
[custom build]    |             |
[custom build]    |             help: remove this `mut`
[custom build]    |
[custom build]    = note: `#[warn(unused_mut)]` (part of `#[warn(unused)]`) on by default
[custom build] 
[custom build] 
[custom build] warning: `backend-rs` (lib) generated 1 warning (run `cargo fix --lib -p backend-rs` to apply 1 suggestion)
[custom build]     Finished `release` profile [optimized] target(s) in 0.06s
[custom build] 
[custom build] [INFO]: Optimizing wasm binaries with `wasm-opt`...
[custom build] 
[custom build] [INFO]: ✨  Done in 0.90s
[custom build] [INFO]: 📦   Your wasm pkg is ready to publish at /home/dimble/WebstormProjects/starship-architect/backend-rs/build/.tmp.
[custom build] 
[custom build] 
[custom build]   index.js  22.3kb
[custom build] 
[custom build] ⚡ Done in 5ms
[custom build] 
Your Worker has access to the following bindings:
Binding             Resource         Mode
env.DB (sa-db)      D1 Database      local

The file src changed, restarting build...
[custom build] Running: cargo install -q worker-build && worker-build --release
[custom build] [INFO]: 🎯  Checking for the Wasm target...
[custom build] 
[custom build] [INFO]: 🌀  Compiling to Wasm...
[custom build] 
[custom build] warning: variable does not need to be mutable
[custom build]   --> src/lib.rs:67:13
[custom build]    |
[custom build] 67 |         let mut headers = Headers::new();
[custom build]    |             ----^^^^^^^
[custom build]    |             |
[custom build]    |             
[custom build] help: remove this `mut`
[custom build]    |
[custom build]    = note: `#[warn(unused_mut)]` (part of `#[warn(unused)]`) on by default
[custom build] 
[custom build] warning: `backend-rs` (lib) generated 1 warning (run `cargo fix --lib -p backend-rs` to apply 1 suggestion)
[custom build]     Finished `release` profile [optimized] target(s) in 0.05s
[custom build] 
[custom build] [INFO]: Optimizing wasm binaries with `wasm-opt`...
[custom build] 
[custom build] [INFO]: ✨  Done in 0.89s
[custom build] [INFO]: 📦   Your wasm pkg is ready to publish at /home/dimble/WebstormProjects/starship-architect/backend-rs/build/.tmp.
[custom build] 
[custom build] 
[custom build]   index.js  22.3kb
[custom build] 
[custom build] ⚡ Done in 5ms
[custom build] 
⎔ Starting local server...
[wrangler:info] Ready on http://localhost:8787
[wrangler:info] POST /sessions 200 OK (36ms)
